<html>
<body>
<pre>
<h1>µVision Build Log</h1>
<h2>Tool Versions:</h2>
IDE-Version: µVision V5.31.0.0
Copyright (C) 2020 ARM Ltd and ARM Germany GmbH. All rights reserved.
License Information: nguyen hoang, dada, LIC=CZLZX-HGPPZ-WF8I7-EIGCK-DMA3L-299C3
 
Tool Versions:
Toolchain:       MDK-ARM Plus  Version: 5.31.0.0
Toolchain Path:  D:\hoc tap\file ung dung lam bai\ARM\ARMCLANG\Bin
C Compiler:      ArmClang.exe V6.14
Assembler:       Armasm.exe V6.14
Linker/Locator:  ArmLink.exe V6.14
Library Manager: ArmAr.exe V6.14
Hex Converter:   FromElf.exe V6.14
CPU DLL:         SARMCM3.DLL V5.31.0.0
Dialog DLL:      DCM.DLL V1.17.3.0
Target DLL:      STLink\ST-LINKIII-KEIL_SWO.dll V3.0.7.0
Dialog DLL:      TCM.DLL V1.46.0.0
 
<h2>Project:</h2>
D:\MCB_B2.3\BTH 2-3.uvprojx
Project File Date:  03/21/2025

<h2>Output:</h2>
*** Using Compiler 'V6.14', folder: 'D:\hoc tap\file ung dung lam bai\ARM\ARMCLANG\Bin'
Rebuild target 'Target 1'
main.c(5): warning: In file included from...
./rfid.h(33): warning: no newline at end of file [-Wnewline-eof]
#endif
      ^
main.c(6): warning: In file included from...
./uart.h(11): warning: no newline at end of file [-Wnewline-eof]
#endif
      ^
main.c(7): warning: In file included from...
./gpio.h(14): warning: no newline at end of file [-Wnewline-eof]
#endif
      ^
main.c(8): warning: In file included from...
./timer.h(10): warning: no newline at end of file [-Wnewline-eof]
#endif
      ^
main.c(11): warning: no previous prototype for function 'Sys_Init' [-Wmissing-prototypes]
void Sys_Init(void) {
     ^
main.c(11): note: declare 'static' if the function is not intended to be used outside of this translation unit
void Sys_Init(void) {
^
static 
main.c(22): warning: no previous prototype for function 'Sys_Run' [-Wmissing-prototypes]
void Sys_Run(void) {
     ^
main.c(22): note: declare 'static' if the function is not intended to be used outside of this translation unit
void Sys_Run(void) {
^
static 
main.c(32): warning: no newline at end of file [-Wnewline-eof]
}
 ^
7 warnings generated.
compiling main.c...
uart.c(1): warning: In file included from...
./uart.h(11): warning: no newline at end of file [-Wnewline-eof]
#endif
      ^
uart.c(5): warning: implicit conversion changes signedness: 'int' to 'unsigned int' [-Wsign-conversion]
    GPIOA->CRH &= ~(0xFF << 4);
               ~~ ^~~~~~~~~~~~
uart.c(7): warning: implicit conversion loses integer precision: 'unsigned int' to 'uint16_t' (aka 'unsigned short') [-Wimplicit-int-conversion]
    USART1->BRR = 72000000 / baud_rate;
                ~ ~~~~~~~~~^~~~~~~~~~~
uart.c(24): warning: no newline at end of file [-Wnewline-eof]
}
 ^
4 warnings generated.
compiling uart.c...
G:/ARM/PACK/Keil/STM32F1xx_DFP/2.4.1/Device/StdPeriph_Driver/src/misc.c(131): warning: implicit conversion loses integer precision: 'uint32_t' (aka 'unsigned int') to 'uint8_t' (aka 'unsigned char') [-Wimplicit-int-conversion]
    NVIC->IP[NVIC_InitStruct->NVIC_IRQChannel] = tmppriority;
                                               ~ ^~~~~~~~~~~
1 warning generated.
compiling misc.c...
compiling stm32f10x_gpio.c...
spi.c(1): warning: In file included from...
./spi.h(10): warning: no newline at end of file [-Wnewline-eof]
#endif
      ^
spi.c(36): warning: implicit conversion loses integer precision: 'uint16_t' (aka 'unsigned short') to 'uint8_t' (aka 'unsigned char') [-Wimplicit-int-conversion]
    return SPI_I2S_ReceiveData(SPI2);
    ~~~~~~ ^~~~~~~~~~~~~~~~~~~~~~~~~
spi.c(37): warning: no newline at end of file [-Wnewline-eof]
}
 ^
3 warnings generated.
compiling spi.c...
gpio.c(1): warning: In file included from...
./gpio.h(14): warning: no newline at end of file [-Wnewline-eof]
#endif
      ^
gpio.c(2): warning: In file included from...
./timer.h(10): warning: no newline at end of file [-Wnewline-eof]
#endif
      ^
gpio.c(24): warning: no newline at end of file [-Wnewline-eof]
}
 ^
3 warnings generated.
compiling gpio.c...
timer.c(1): warning: In file included from...
./timer.h(10): warning: no newline at end of file [-Wnewline-eof]
#endif
      ^
timer.c(14): warning: no previous prototype for function 'TIM2_IRQHandler' [-Wmissing-prototypes]
void TIM2_IRQHandler(void) {
     ^
timer.c(14): note: declare 'static' if the function is not intended to be used outside of this translation unit
void TIM2_IRQHandler(void) {
^
static 
timer.c(21): warning: no previous prototype for function 'millis' [-Wmissing-prototypes]
uint32_t millis(void) {
         ^
timer.c(21): note: declare 'static' if the function is not intended to be used outside of this translation unit
uint32_t millis(void) {
^
static 
timer.c(28): warning: no newline at end of file [-Wnewline-eof]
}
 ^
4 warnings generated.
compiling timer.c...
G:/ARM/PACK/Keil/STM32F1xx_DFP/2.4.1/Device/StdPeriph_Driver/src/stm32f10x_i2c.c(22): warning: In file included from...
G:/ARM/PACK/Keil/STM32F1xx_DFP/2.4.1/Device/StdPeriph_Driver/inc\stm32f10x_i2c.h(49): warning: padding size of 'I2C_InitTypeDef' with 2 bytes to alignment boundary [-Wpadded]
typedef struct
        ^
1 warning generated.
compiling stm32f10x_i2c.c...
compiling stm32f10x_rcc.c...
G:/ARM/PACK/Keil/STM32F1xx_DFP/2.4.1/Device/StdPeriph_Driver/src/stm32f10x_spi.c(22): warning: In file included from...
G:/ARM/PACK/Keil/STM32F1xx_DFP/2.4.1/Device/StdPeriph_Driver/inc\stm32f10x_spi.h(86): warning: padding size of 'I2S_InitTypeDef' with 2 bytes to alignment boundary [-Wpadded]
typedef struct
        ^
G:/ARM/PACK/Keil/STM32F1xx_DFP/2.4.1/Device/StdPeriph_Driver/src/stm32f10x_spi.c(493): warning: implicit conversion loses integer precision: 'int' to 'uint16_t' (aka 'unsigned short') [-Wimplicit-int-conversion]
  itmask = (uint16_t)1 << (uint16_t)itpos;
         ~ ~~~~~~~~~~~~^~~~~~~~~~~~~~~~~~
G:/ARM/PACK/Keil/STM32F1xx_DFP/2.4.1/Device/StdPeriph_Driver/src/stm32f10x_spi.c(838): warning: implicit conversion loses integer precision: 'int' to 'uint16_t' (aka 'unsigned short') [-Wimplicit-int-conversion]
  itpos = 0x01 << (SPI_I2S_IT & 0x0F);
        ~ ~~~~~^~~~~~~~~~~~~~~~~~~~~~
G:/ARM/PACK/Keil/STM32F1xx_DFP/2.4.1/Device/StdPeriph_Driver/src/stm32f10x_spi.c(844): warning: implicit conversion loses integer precision: 'int' to 'uint16_t' (aka 'unsigned short') [-Wimplicit-int-conversion]
  itmask = 0x01 << itmask;
         ~ ~~~~~^~~~~~~~~
G:/ARM/PACK/Keil/STM32F1xx_DFP/2.4.1/Device/StdPeriph_Driver/src/stm32f10x_spi.c(890): warning: implicit conversion loses integer precision: 'int' to 'uint16_t' (aka 'unsigned short') [-Wimplicit-int-conversion]
  itpos = 0x01 << (SPI_I2S_IT & 0x0F);
        ~ ~~~~~^~~~~~~~~~~~~~~~~~~~~~
5 warnings generated.
compiling stm32f10x_spi.c...
rfid.c(1): warning: In file included from...
./rfid.h(33): warning: no newline at end of file [-Wnewline-eof]
#endif
      ^
rfid.c(2): warning: In file included from...
./spi.h(10): warning: no newline at end of file [-Wnewline-eof]
#endif
      ^
rfid.c(3): warning: In file included from...
./uart.h(11): warning: no newline at end of file [-Wnewline-eof]
#endif
      ^
rfid.c(132): warning: no newline at end of file [-Wnewline-eof]
}
 ^
4 warnings generated.
compiling rfid.c...
assembling startup_stm32f10x_md.s...
G:/ARM/PACK/Keil/STM32F1xx_DFP/2.4.1/RTE_Driver/GPIO_STM32F10x.c(26): warning: In file included from...
G:/ARM/PACK/Keil/STM32F1xx_DFP/2.4.1/RTE_Driver/GPIO_STM32F10x.h(246): warning: implicit conversion loses integer precision: 'volatile uint32_t' (aka 'volatile unsigned int') to 'uint16_t' (aka 'unsigned short') [-Wimplicit-int-conversion]
  return (GPIOx->IDR);
  ~~~~~~  ~~~~~~~^~~
G:/ARM/PACK/Keil/STM32F1xx_DFP/2.4.1/RTE_Driver/GPIO_STM32F10x.c(128): warning: integer constant not in range of enumerated type 'GPIO_CONF' [-Wassign-enum]
      conf &= ~1;
              ^
G:/ARM/PACK/Keil/STM32F1xx_DFP/2.4.1/RTE_Driver/GPIO_STM32F10x.c(140): warning: implicit conversion changes signedness: 'int' to 'unsigned int' [-Wsign-conversion]
  *reg &= ~(0xF << (num << 2));
       ~~ ^~~~~~~~~~~~~~~~~~~~
G:/ARM/PACK/Keil/STM32F1xx_DFP/2.4.1/RTE_Driver/GPIO_STM32F10x.c(141): warning: implicit conversion changes signedness: 'int' to 'unsigned int' [-Wsign-conversion]
  *reg |= ((conf << 2) | mode) << (num << 2);
       ~~ ~~~~~~~~~~~~~~~~~~~~~^~~~~~~~~~~~~
4 warnings generated.
compiling GPIO_STM32F10x.c...
G:/ARM/PACK/Keil/STM32F1xx_DFP/2.4.1/Device/StdPeriph_Driver/src/stm32f10x_usart.c(22): warning: In file included from...
G:/ARM/PACK/Keil/STM32F1xx_DFP/2.4.1/Device/StdPeriph_Driver/inc\stm32f10x_usart.h(49): warning: padding size of 'USART_InitTypeDef' with 2 bytes to alignment boundary [-Wpadded]
typedef struct
        ^
G:/ARM/PACK/Keil/STM32F1xx_DFP/2.4.1/Device/StdPeriph_Driver/src/stm32f10x_usart.c(1043): warning: implicit conversion loses integer precision: 'int' to 'uint16_t' (aka 'unsigned short') [-Wimplicit-int-conversion]
  itmask = ((uint16_t)0x01 << (uint16_t)bitpos);
         ~  ~~~~~~~~~~~~~~~^~~~~~~~~~~~~~~~~~~
2 warnings generated.
compiling stm32f10x_usart.c...
RTE/Device/STM32F103C8/system_stm32f10x.c(166): warning: no previous extern declaration for non-static variable 'AHBPrescTable' [-Wmissing-variable-declarations]
__I uint8_t AHBPrescTable[16] = {0, 0, 0, 0, 0, 0, 0, 0, 1, 2, 3, 4, 6, 7, 8, 9};
            ^
RTE/Device/STM32F103C8/system_stm32f10x.c(166): note: declare 'static' if the variable is not intended to be used outside of this translation unit
__I uint8_t AHBPrescTable[16] = {0, 0, 0, 0, 0, 0, 0, 0, 1, 2, 3, 4, 6, 7, 8, 9};
    ^
1 warning generated.
compiling system_stm32f10x.c...
G:/ARM/PACK/Keil/STM32F1xx_DFP/2.4.1/Device/StdPeriph_Driver/src/stm32f10x_tim.c(22): warning: In file included from...
G:/ARM/PACK/Keil/STM32F1xx_DFP/2.4.1/Device/StdPeriph_Driver/inc\stm32f10x_tim.h(50): warning: padding size of 'TIM_TimeBaseInitTypeDef' with 1 byte to alignment boundary [-Wpadded]
typedef struct
        ^
G:/ARM/PACK/Keil/STM32F1xx_DFP/2.4.1/Device/StdPeriph_Driver/src/stm32f10x_tim.c(725): warning: implicit conversion loses integer precision: 'unsigned int' to 'uint16_t' (aka 'unsigned short') [-Wimplicit-int-conversion]
             TIM_BDTRInitStruct->TIM_Break | TIM_BDTRInitStruct->TIM_BreakPolarity |
             ~~~~~~~~~~~~~~~~~~~~~~~~~~~~~~~~~~~~~~~~~~~~~~~~~~~~~~~~~~~~~~~~~~~~~~^
G:/ARM/PACK/Keil/STM32F1xx_DFP/2.4.1/Device/StdPeriph_Driver/src/stm32f10x_tim.c(1982): warning: implicit conversion loses integer precision: 'int' to 'uint16_t' (aka 'unsigned short') [-Wimplicit-int-conversion]
  tmp = CCER_CCE_Set << TIM_Channel;
      ~ ~~~~~~~~~~~~~^~~~~~~~~~~~~~
G:/ARM/PACK/Keil/STM32F1xx_DFP/2.4.1/Device/StdPeriph_Driver/src/stm32f10x_tim.c(2012): warning: implicit conversion loses integer precision: 'int' to 'uint16_t' (aka 'unsigned short') [-Wimplicit-int-conversion]
  tmp = CCER_CCNE_Set << TIM_Channel;
      ~ ~~~~~~~~~~~~~~^~~~~~~~~~~~~~
G:/ARM/PACK/Keil/STM32F1xx_DFP/2.4.1/Device/StdPeriph_Driver/src/stm32f10x_tim.c(2057): warning: implicit conversion loses integer precision: 'int' to 'uint16_t' (aka 'unsigned short') [-Wimplicit-int-conversion]
  tmp1 = CCER_CCE_Set << (uint16_t)TIM_Channel;
       ~ ~~~~~~~~~~~~~^~~~~~~~~~~~~~~~~~~~~~~~
5 warnings generated.
compiling stm32f10x_tim.c...
linking...
Program Size: Code=2328 RO-data=272 RW-data=0 ZI-data=1640  
".\Objects\BTH 2-3.axf" - 0 Error(s), 44 Warning(s).

<h2>Software Packages used:</h2>

Package Vendor: ARM
                http://www.keil.com/pack/ARM.CMSIS.5.4.0.pack
                ARM.CMSIS.5.4.0
                CMSIS (Cortex Microcontroller Software Interface Standard)
   * Component: CORE Version: 5.1.2

Package Vendor: Keil
                https://www.keil.com/pack/Keil.STM32F1xx_DFP.2.4.1.pack
                Keil.STM32F1xx_DFP.2.4.1
                STMicroelectronics STM32F1 Series Device Support, Drivers and Examples
   * Component: GPIO Version: 1.3
   * Component: Startup Version: 1.0.0
   * Component: Framework Version: 3.6.0
   * Component: GPIO Version: 3.6.0
   * Component: I2C Version: 3.6.0
   * Component: RCC Version: 3.6.0
   * Component: SPI Version: 3.6.0
   * Component: TIM Version: 3.6.0
   * Component: USART Version: 3.6.0

<h2>Collection of Component include folders:</h2>
  .\RTE\Device\STM32F103C8
  .\RTE\_Target_1
  G:\ARM\PACK\ARM\CMSIS\5.4.0\CMSIS\Core\Include
  G:\ARM\PACK\Keil\STM32F1xx_DFP\2.4.1\Device\Include
  G:\ARM\PACK\Keil\STM32F1xx_DFP\2.4.1\Device\StdPeriph_Driver\inc
  G:\ARM\PACK\Keil\STM32F1xx_DFP\2.4.1\RTE_Driver

<h2>Collection of Component Files used:</h2>

   * Component: ARM::CMSIS:CORE:5.1.2

   * Component: Keil::Device:GPIO:1.3
      Include file:  RTE_Driver\GPIO_STM32F10x.h
      Source file:   RTE_Driver\GPIO_STM32F10x.c

   * Component: Keil::Device:Startup:1.0.0
      Source file:   Device\Source\ARM\startup_stm32f10x_md.s
      Include file:  RTE_Driver\Config\RTE_Device.h
      Source file:   Device\Source\ARM\STM32F1xx_OPT.s
      Source file:   Device\Source\system_stm32f10x.c

   * Component: Keil::Device:StdPeriph Drivers:Framework:3.6.0
      Source file:   Device\StdPeriph_Driver\templates\stm32f10x_it.c
      Include file:  Device\StdPeriph_Driver\inc\misc.h
      Source file:   Device\StdPeriph_Driver\src\misc.c
      Source file:   Device\StdPeriph_Driver\templates\stm32f10x_conf.h
      Include file:  Device\StdPeriph_Driver\templates\stm32f10x_it.h

   * Component: Keil::Device:StdPeriph Drivers:GPIO:3.6.0
      Include file:  Device\StdPeriph_Driver\inc\stm32f10x_gpio.h
      Source file:   Device\StdPeriph_Driver\src\stm32f10x_gpio.c

   * Component: Keil::Device:StdPeriph Drivers:I2C:3.6.0
      Include file:  Device\StdPeriph_Driver\inc\stm32f10x_i2c.h
      Source file:   Device\StdPeriph_Driver\src\stm32f10x_i2c.c

   * Component: Keil::Device:StdPeriph Drivers:RCC:3.6.0
      Include file:  Device\StdPeriph_Driver\inc\stm32f10x_rcc.h
      Source file:   Device\StdPeriph_Driver\src\stm32f10x_rcc.c

   * Component: Keil::Device:StdPeriph Drivers:SPI:3.6.0
      Source file:   Device\StdPeriph_Driver\src\stm32f10x_spi.c
      Include file:  Device\StdPeriph_Driver\inc\stm32f10x_spi.h

   * Component: Keil::Device:StdPeriph Drivers:TIM:3.6.0
      Include file:  Device\StdPeriph_Driver\inc\stm32f10x_tim.h
      Source file:   Device\StdPeriph_Driver\src\stm32f10x_tim.c

   * Component: Keil::Device:StdPeriph Drivers:USART:3.6.0
      Include file:  Device\StdPeriph_Driver\inc\stm32f10x_usart.h
      Source file:   Device\StdPeriph_Driver\src\stm32f10x_usart.c
Build Time Elapsed:  00:00:02
</pre>
</body>
</html>
